=== Respaldo iniciado: dom 14 dic 2025 17:41:35 CST ===
mysqldump: [Warning] Using a password on the command line interface can be insecure.
Respaldo completado exitosamente: /home/informatica/DIMISA/DIMISA_API/backup_mysql.sql.gz
Tamaño: 1,5M

=== Respaldo iniciado: dom 21 dic 2025 17:30:01 CST ===
mysqldump: [Warning] Using a password on the command line interface can be insecure.
Respaldo completado exitosamente: /home/informatica/DIMISA/DIMISA_API/backup_mysql.sql.gz
Tamaño: 1,5M

=== Respaldo iniciado: dom 04 ene 2026 17:30:01 CST ===
mysqldump: [Warning] Using a password on the command line interface can be insecure.
Respaldo completado exitosamente: /home/informatica/DIMISA/DIMISA_API/backup_mysql.sql.gz
Tamaño: 1,5M

=== Respaldo iniciado: dom 01 feb 2026 17:30:01 CST ===
mysqldump: [Warning] Using a password on the command line interface can be insecure.
Respaldo completado exitosamente: /home/informatica/DIMISA/DIMISA_API/backup_mysql.sql.gz
Tamaño: 1,5M

=== Respaldo iniciado: dom 08 feb 2026 17:30:01 CST ===
Error response from daemon: container c54eab699716c0114e172ac18d7d6b0190079fc19df3103ba60d8e58c8d79cba is not running
Respaldo completado exitosamente: /home/informatica/DIMISA/DIMISA_API/backup_mysql.sql.gz
Tamaño: 4,0K

=== Respaldo iniciado: dom 15 feb 2026 17:30:01 CST ===
Error response from daemon: container c54eab699716c0114e172ac18d7d6b0190079fc19df3103ba60d8e58c8d79cba is not running
Respaldo completado exitosamente: /home/informatica/DIMISA/DIMISA_API/backup_mysql.sql.gz
Tamaño: 4,0K

=== Respaldo iniciado: dom 22 feb 2026 17:30:01 CST ===
mysqldump: [Warning] Using a password on the command line interface can be insecure.
Respaldo completado exitosamente: /home/informatica/DIMISA/DIMISA_API/backup_mysql.sql.gz
Tamaño: 1,5M

=== Respaldo iniciado: dom 01 mar 2026 17:30:01 CST ===
mysqldump: [Warning] Using a password on the command line interface can be insecure.
Respaldo completado exitosamente: /home/informatica/DIMISA/DIMISA_API/backup_mysql.sql.gz
Tamaño: 1,5M

=== Respaldo iniciado: dom 08 mar 2026 17:30:01 CST ===
mysqldump: [Warning] Using a password on the command line interface can be insecure.
Respaldo completado exitosamente: /home/informatica/DIMISA/DIMISA_API/backup_mysql.sql.gz
Tamaño: 1,5M

=== Respaldo iniciado: dom 15 mar 2026 17:30:01 CST ===
Error response from daemon: container c54eab699716c0114e172ac18d7d6b0190079fc19df3103ba60d8e58c8d79cba is not running
Respaldo completado exitosamente: /home/informatica/DIMISA/DIMISA_API/backup_mysql.sql.gz
Tamaño: 4,0K

=== Respaldo iniciado: dom 22 mar 2026 17:30:01 CST ===
mysqldump: [Warning] Using a password on the command line interface can be insecure.
Respaldo completado exitosamente: /home/informatica/DIMISA/DIMISA_API/backup_mysql.sql.gz
Tamaño: 1,5M

=== Respaldo iniciado: dom 29 mar 2026 17:30:01 CST ===
mysqldump: [Warning] Using a password on the command line interface can be insecure.
Respaldo completado exitosamente: /home/informatica/DIMISA/DIMISA_API/backup_mysql.sql.gz
Tamaño: 1,5M

=== Respaldo iniciado: dom 05 abr 2026 17:30:01 CST ===
Error response from daemon: container c54eab699716c0114e172ac18d7d6b0190079fc19df3103ba60d8e58c8d79cba is not running
Respaldo completado exitosamente: /home/informatica/DIMISA/DIMISA_API/backup_mysql.sql.gz
Tamaño: 4,0K

